Analysis & Synthesis report for projeto_sd
Thu Dec  1 22:56:12 2022
Quartus Prime Version 22.1std.0 Build 915 10/25/2022 SC Lite Edition


---------------------
; Table of Contents ;
---------------------
  1. Legal Notice
  2. Analysis & Synthesis Summary
  3. Analysis & Synthesis Settings
  4. Parallel Compilation
  5. Analysis & Synthesis Source Files Read
  6. Analysis & Synthesis Resource Usage Summary
  7. Analysis & Synthesis Resource Utilization by Entity
  8. General Register Statistics
  9. Multiplexer Restructuring Statistics (Restructuring Performed)
 10. Port Connectivity Checks: "somador_bcd:comb_4"
 11. Port Connectivity Checks: "somador_bcd:comb_3"
 12. Post-Synthesis Netlist Statistics for Top Partition
 13. Elapsed Time Per Partition
 14. Analysis & Synthesis Messages
 15. Analysis & Synthesis Suppressed Messages



----------------
; Legal Notice ;
----------------
Copyright (C) 2022  Intel Corporation. All rights reserved.
Your use of Intel Corporation's design tools, logic functions 
and other software and tools, and any partner logic 
functions, and any output files from any of the foregoing 
(including device programming or simulation files), and any 
associated documentation or information are expressly subject 
to the terms and conditions of the Intel Program License 
Subscription Agreement, the Intel Quartus Prime License Agreement,
the Intel FPGA IP License Agreement, or other applicable license
agreement, including, without limitation, that your use is for
the sole purpose of programming logic devices manufactured by
Intel and sold by Intel or its authorized distributors.  Please
refer to the applicable agreement for further details, at
https://fpgasoftware.intel.com/eula.



+----------------------------------------------------------------------------------+
; Analysis & Synthesis Summary                                                     ;
+---------------------------------+------------------------------------------------+
; Analysis & Synthesis Status     ; Successful - Thu Dec  1 22:56:12 2022          ;
; Quartus Prime Version           ; 22.1std.0 Build 915 10/25/2022 SC Lite Edition ;
; Revision Name                   ; projeto_sd                                     ;
; Top-level Entity Name           ; soma_compara                                   ;
; Family                          ; Cyclone V                                      ;
; Logic utilization (in ALMs)     ; N/A                                            ;
; Total registers                 ; 26                                             ;
; Total pins                      ; 54                                             ;
; Total virtual pins              ; 0                                              ;
; Total block memory bits         ; 0                                              ;
; Total DSP Blocks                ; 0                                              ;
; Total HSSI RX PCSs              ; 0                                              ;
; Total HSSI PMA RX Deserializers ; 0                                              ;
; Total HSSI TX PCSs              ; 0                                              ;
; Total HSSI PMA TX Serializers   ; 0                                              ;
; Total PLLs                      ; 0                                              ;
; Total DLLs                      ; 0                                              ;
+---------------------------------+------------------------------------------------+


+---------------------------------------------------------------------------------------------------------------------------+
; Analysis & Synthesis Settings                                                                                             ;
+---------------------------------------------------------------------------------+--------------------+--------------------+
; Option                                                                          ; Setting            ; Default Value      ;
+---------------------------------------------------------------------------------+--------------------+--------------------+
; Device                                                                          ; 5CGXFC7C7F23C8     ;                    ;
; Top-level entity name                                                           ; soma_compara       ; projeto_sd         ;
; Family name                                                                     ; Cyclone V          ; Cyclone V          ;
; Use smart compilation                                                           ; Off                ; Off                ;
; Enable parallel Assembler and Timing Analyzer during compilation                ; On                 ; On                 ;
; Enable compact report table                                                     ; Off                ; Off                ;
; Restructure Multiplexers                                                        ; Auto               ; Auto               ;
; MLAB Add Timing Constraints For Mixed-Port Feed-Through Mode Setting Don't Care ; Off                ; Off                ;
; Create Debugging Nodes for IP Cores                                             ; Off                ; Off                ;
; Preserve fewer node names                                                       ; On                 ; On                 ;
; Intel FPGA IP Evaluation Mode                                                   ; Enable             ; Enable             ;
; Verilog Version                                                                 ; Verilog_2001       ; Verilog_2001       ;
; VHDL Version                                                                    ; VHDL_1993          ; VHDL_1993          ;
; State Machine Processing                                                        ; Auto               ; Auto               ;
; Safe State Machine                                                              ; Off                ; Off                ;
; Extract Verilog State Machines                                                  ; On                 ; On                 ;
; Extract VHDL State Machines                                                     ; On                 ; On                 ;
; Ignore Verilog initial constructs                                               ; Off                ; Off                ;
; Iteration limit for constant Verilog loops                                      ; 5000               ; 5000               ;
; Iteration limit for non-constant Verilog loops                                  ; 250                ; 250                ;
; Add Pass-Through Logic to Inferred RAMs                                         ; On                 ; On                 ;
; Infer RAMs from Raw Logic                                                       ; On                 ; On                 ;
; Parallel Synthesis                                                              ; On                 ; On                 ;
; DSP Block Balancing                                                             ; Auto               ; Auto               ;
; NOT Gate Push-Back                                                              ; On                 ; On                 ;
; Power-Up Don't Care                                                             ; On                 ; On                 ;
; Remove Redundant Logic Cells                                                    ; Off                ; Off                ;
; Remove Duplicate Registers                                                      ; On                 ; On                 ;
; Ignore CARRY Buffers                                                            ; Off                ; Off                ;
; Ignore CASCADE Buffers                                                          ; Off                ; Off                ;
; Ignore GLOBAL Buffers                                                           ; Off                ; Off                ;
; Ignore ROW GLOBAL Buffers                                                       ; Off                ; Off                ;
; Ignore LCELL Buffers                                                            ; Off                ; Off                ;
; Ignore SOFT Buffers                                                             ; On                 ; On                 ;
; Limit AHDL Integers to 32 Bits                                                  ; Off                ; Off                ;
; Optimization Technique                                                          ; Balanced           ; Balanced           ;
; Carry Chain Length                                                              ; 70                 ; 70                 ;
; Auto Carry Chains                                                               ; On                 ; On                 ;
; Auto Open-Drain Pins                                                            ; On                 ; On                 ;
; Perform WYSIWYG Primitive Resynthesis                                           ; Off                ; Off                ;
; Auto ROM Replacement                                                            ; On                 ; On                 ;
; Auto RAM Replacement                                                            ; On                 ; On                 ;
; Auto DSP Block Replacement                                                      ; On                 ; On                 ;
; Auto Shift Register Replacement                                                 ; Auto               ; Auto               ;
; Allow Shift Register Merging across Hierarchies                                 ; Auto               ; Auto               ;
; Auto Clock Enable Replacement                                                   ; On                 ; On                 ;
; Strict RAM Replacement                                                          ; Off                ; Off                ;
; Allow Synchronous Control Signals                                               ; On                 ; On                 ;
; Force Use of Synchronous Clear Signals                                          ; Off                ; Off                ;
; Auto Resource Sharing                                                           ; Off                ; Off                ;
; Allow Any RAM Size For Recognition                                              ; Off                ; Off                ;
; Allow Any ROM Size For Recognition                                              ; Off                ; Off                ;
; Allow Any Shift Register Size For Recognition                                   ; Off                ; Off                ;
; Use LogicLock Constraints during Resource Balancing                             ; On                 ; On                 ;
; Ignore translate_off and synthesis_off directives                               ; Off                ; Off                ;
; Timing-Driven Synthesis                                                         ; On                 ; On                 ;
; Report Parameter Settings                                                       ; On                 ; On                 ;
; Report Source Assignments                                                       ; On                 ; On                 ;
; Report Connectivity Checks                                                      ; On                 ; On                 ;
; Ignore Maximum Fan-Out Assignments                                              ; Off                ; Off                ;
; Synchronization Register Chain Length                                           ; 3                  ; 3                  ;
; Power Optimization During Synthesis                                             ; Normal compilation ; Normal compilation ;
; HDL message level                                                               ; Level2             ; Level2             ;
; Suppress Register Optimization Related Messages                                 ; Off                ; Off                ;
; Number of Removed Registers Reported in Synthesis Report                        ; 5000               ; 5000               ;
; Number of Swept Nodes Reported in Synthesis Report                              ; 5000               ; 5000               ;
; Number of Inverted Registers Reported in Synthesis Report                       ; 100                ; 100                ;
; Clock MUX Protection                                                            ; On                 ; On                 ;
; Auto Gated Clock Conversion                                                     ; Off                ; Off                ;
; Block Design Naming                                                             ; Auto               ; Auto               ;
; SDC constraint protection                                                       ; Off                ; Off                ;
; Synthesis Effort                                                                ; Auto               ; Auto               ;
; Shift Register Replacement - Allow Asynchronous Clear Signal                    ; On                 ; On                 ;
; Pre-Mapping Resynthesis Optimization                                            ; Off                ; Off                ;
; Analysis & Synthesis Message Level                                              ; Medium             ; Medium             ;
; Disable Register Merging Across Hierarchies                                     ; Auto               ; Auto               ;
; Resource Aware Inference For Block RAM                                          ; On                 ; On                 ;
; Automatic Parallel Synthesis                                                    ; On                 ; On                 ;
; Partial Reconfiguration Bitstream ID                                            ; Off                ; Off                ;
+---------------------------------------------------------------------------------+--------------------+--------------------+


+------------------------------------------+
; Parallel Compilation                     ;
+----------------------------+-------------+
; Processors                 ; Number      ;
+----------------------------+-------------+
; Number detected on machine ; 4           ;
; Maximum allowed            ; 2           ;
;                            ;             ;
; Average used               ; 1.00        ;
; Maximum used               ; 2           ;
;                            ;             ;
; Usage by Processor         ; % Time Used ;
;     Processor 1            ; 100.0%      ;
;     Processor 2            ;   0.0%      ;
+----------------------------+-------------+


+-------------------------------------------------------------------------------------------------------------------------------------------------------------------+
; Analysis & Synthesis Source Files Read                                                                                                                            ;
+----------------------------------+-----------------+------------------------+---------------------------------------------------------------------------+---------+
; File Name with User-Entered Path ; Used in Netlist ; File Type              ; File Name with Absolute Path                                              ; Library ;
+----------------------------------+-----------------+------------------------+---------------------------------------------------------------------------+---------+
; soma_compara.v                   ; yes             ; User Verilog HDL File  ; C:/Users/Enzo/Documents/GitHub/Alarme-digital/projeto_sd/soma_compara.v   ;         ;
; somador_bcd.v                    ; yes             ; User Verilog HDL File  ; C:/Users/Enzo/Documents/GitHub/Alarme-digital/projeto_sd/somador_bcd.v    ;         ;
; comparador.v                     ; yes             ; User Verilog HDL File  ; C:/Users/Enzo/Documents/GitHub/Alarme-digital/projeto_sd/comparador.v     ;         ;
; sete_segmentos.v                 ; yes             ; User Verilog HDL File  ; C:/Users/Enzo/Documents/GitHub/Alarme-digital/projeto_sd/sete_segmentos.v ;         ;
; teclado_conta.v                  ; yes             ; User Verilog HDL File  ; C:/Users/Enzo/Documents/GitHub/Alarme-digital/projeto_sd/teclado_conta.v  ;         ;
+----------------------------------+-----------------+------------------------+---------------------------------------------------------------------------+---------+


+---------------------------------------------------------------+
; Analysis & Synthesis Resource Usage Summary                   ;
+---------------------------------------------+-----------------+
; Resource                                    ; Usage           ;
+---------------------------------------------+-----------------+
; Estimate of Logic utilization (ALMs needed) ; 44              ;
;                                             ;                 ;
; Combinational ALUT usage for logic          ; 76              ;
;     -- 7 input functions                    ; 0               ;
;     -- 6 input functions                    ; 10              ;
;     -- 5 input functions                    ; 2               ;
;     -- 4 input functions                    ; 51              ;
;     -- <=3 input functions                  ; 13              ;
;                                             ;                 ;
; Dedicated logic registers                   ; 26              ;
;                                             ;                 ;
; I/O pins                                    ; 54              ;
;                                             ;                 ;
; Total DSP Blocks                            ; 0               ;
;                                             ;                 ;
; Maximum fan-out node                        ; bot_press~input ;
; Maximum fan-out                             ; 26              ;
; Total fan-out                               ; 465             ;
; Average fan-out                             ; 2.21            ;
+---------------------------------------------+-----------------+


+----------------------------------------------------------------------------------------------------------------------------------------------------------------------------------------------------------+
; Analysis & Synthesis Resource Utilization by Entity                                                                                                                                                      ;
+----------------------------+---------------------+---------------------------+-------------------+------------+------+--------------+------------------------------------+----------------+--------------+
; Compilation Hierarchy Node ; Combinational ALUTs ; Dedicated Logic Registers ; Block Memory Bits ; DSP Blocks ; Pins ; Virtual Pins ; Full Hierarchy Name                ; Entity Name    ; Library Name ;
+----------------------------+---------------------+---------------------------+-------------------+------------+------+--------------+------------------------------------+----------------+--------------+
; |soma_compara              ; 76 (0)              ; 26 (0)                    ; 0                 ; 0          ; 54   ; 0            ; |soma_compara                      ; soma_compara   ; work         ;
;    |comparador:comb_6|     ; 7 (7)               ; 0 (0)                     ; 0                 ; 0          ; 0    ; 0            ; |soma_compara|comparador:comb_6    ; comparador     ; work         ;
;    |sete_segmentos:a0|     ; 7 (7)               ; 0 (0)                     ; 0                 ; 0          ; 0    ; 0            ; |soma_compara|sete_segmentos:a0    ; sete_segmentos ; work         ;
;    |sete_segmentos:a1|     ; 7 (7)               ; 0 (0)                     ; 0                 ; 0          ; 0    ; 0            ; |soma_compara|sete_segmentos:a1    ; sete_segmentos ; work         ;
;    |sete_segmentos:b0|     ; 7 (7)               ; 0 (0)                     ; 0                 ; 0          ; 0    ; 0            ; |soma_compara|sete_segmentos:b0    ; sete_segmentos ; work         ;
;    |sete_segmentos:b1|     ; 7 (7)               ; 0 (0)                     ; 0                 ; 0          ; 0    ; 0            ; |soma_compara|sete_segmentos:b1    ; sete_segmentos ; work         ;
;    |somador_bcd:comb_3|    ; 5 (5)               ; 0 (0)                     ; 0                 ; 0          ; 0    ; 0            ; |soma_compara|somador_bcd:comb_3   ; somador_bcd    ; work         ;
;    |somador_bcd:comb_4|    ; 6 (6)               ; 0 (0)                     ; 0                 ; 0          ; 0    ; 0            ; |soma_compara|somador_bcd:comb_4   ; somador_bcd    ; work         ;
;    |teclado_conta:comb_5|  ; 30 (30)             ; 26 (26)                   ; 0                 ; 0          ; 0    ; 0            ; |soma_compara|teclado_conta:comb_5 ; teclado_conta  ; work         ;
+----------------------------+---------------------+---------------------------+-------------------+------------+------+--------------+------------------------------------+----------------+--------------+
Note: For table entries with two numbers listed, the numbers in parentheses indicate the number of resources of the given type used by the specific entity alone. The numbers listed outside of parentheses indicate the total resources of the given type used by the specific entity and all of its sub-entities in the hierarchy.


+------------------------------------------------------+
; General Register Statistics                          ;
+----------------------------------------------+-------+
; Statistic                                    ; Value ;
+----------------------------------------------+-------+
; Total registers                              ; 26    ;
; Number of registers using Synchronous Clear  ; 0     ;
; Number of registers using Synchronous Load   ; 0     ;
; Number of registers using Asynchronous Clear ; 0     ;
; Number of registers using Asynchronous Load  ; 0     ;
; Number of registers using Clock Enable       ; 24    ;
; Number of registers using Preset             ; 0     ;
+----------------------------------------------+-------+


+----------------------------------------------------------------------------------------------------------------------------------------------------------+
; Multiplexer Restructuring Statistics (Restructuring Performed)                                                                                           ;
+--------------------+-----------+---------------+----------------------+------------------------+------------+--------------------------------------------+
; Multiplexer Inputs ; Bus Width ; Baseline Area ; Area if Restructured ; Saving if Restructured ; Registered ; Example Multiplexer Output                 ;
+--------------------+-----------+---------------+----------------------+------------------------+------------+--------------------------------------------+
; 12:1               ; 2 bits    ; 16 LEs        ; 14 LEs               ; 2 LEs                  ; Yes        ; |soma_compara|teclado_conta:comb_5|cent[3] ;
; 12:1               ; 2 bits    ; 16 LEs        ; 14 LEs               ; 2 LEs                  ; Yes        ; |soma_compara|teclado_conta:comb_5|cent[1] ;
; 12:1               ; 2 bits    ; 16 LEs        ; 14 LEs               ; 2 LEs                  ; Yes        ; |soma_compara|teclado_conta:comb_5|uni[0]  ;
; 12:1               ; 2 bits    ; 16 LEs        ; 14 LEs               ; 2 LEs                  ; Yes        ; |soma_compara|teclado_conta:comb_5|uni[1]  ;
; 12:1               ; 2 bits    ; 16 LEs        ; 14 LEs               ; 2 LEs                  ; Yes        ; |soma_compara|teclado_conta:comb_5|dez[0]  ;
; 12:1               ; 2 bits    ; 16 LEs        ; 14 LEs               ; 2 LEs                  ; Yes        ; |soma_compara|teclado_conta:comb_5|dez[1]  ;
+--------------------+-----------+---------------+----------------------+------------------------+------------+--------------------------------------------+


+-------------------------------------------------------------------------------------------------------------------------------------------------------------------------------------------------------+
; Port Connectivity Checks: "somador_bcd:comb_4"                                                                                                                                                        ;
+-----------+--------+----------+-----------------------------------------------------------------------------------------------------------------------------------------------------------------------+
; Port      ; Type   ; Severity ; Details                                                                                                                                                               ;
+-----------+--------+----------+-----------------------------------------------------------------------------------------------------------------------------------------------------------------------+
; carry_out ; Output ; Warning  ; Output or bidir port (1 bits) is smaller than the port expression (4 bits) it drives.  The 3 most-significant bit(s) in the port expression will be connected to GND. ;
+-----------+--------+----------+-----------------------------------------------------------------------------------------------------------------------------------------------------------------------+


+----------------------------------------------------------------------------------------------------------------------------------------------------------------------------------------------------------------------+
; Port Connectivity Checks: "somador_bcd:comb_3"                                                                                                                                                                       ;
+--------------+-------+----------+------------------------------------------------------------------------------------------------------------------------------------------------------------------------------------+
; Port         ; Type  ; Severity ; Details                                                                                                                                                                            ;
+--------------+-------+----------+------------------------------------------------------------------------------------------------------------------------------------------------------------------------------------+
; carry_in     ; Input ; Warning  ; Input port expression (32 bits) is wider than the input port (1 bits) it drives.  The 31 most-significant bit(s) in the expression will be dangling if they have no other fanouts. ;
; carry_in[-1] ; Input ; Info     ; Stuck at GND                                                                                                                                                                       ;
+--------------+-------+----------+------------------------------------------------------------------------------------------------------------------------------------------------------------------------------------+


+-----------------------------------------------------+
; Post-Synthesis Netlist Statistics for Top Partition ;
+-----------------------+-----------------------------+
; Type                  ; Count                       ;
+-----------------------+-----------------------------+
; arriav_ff             ; 26                          ;
;     ENA               ; 24                          ;
;     plain             ; 2                           ;
; arriav_lcell_comb     ; 100                         ;
;     arith             ; 11                          ;
;         0 data inputs ; 2                           ;
;         2 data inputs ; 8                           ;
;         4 data inputs ; 1                           ;
;     normal            ; 89                          ;
;         1 data inputs ; 24                          ;
;         2 data inputs ; 2                           ;
;         3 data inputs ; 1                           ;
;         4 data inputs ; 50                          ;
;         5 data inputs ; 2                           ;
;         6 data inputs ; 10                          ;
; boundary_port         ; 54                          ;
;                       ;                             ;
; Max LUT depth         ; 4.90                        ;
; Average LUT depth     ; 2.63                        ;
+-----------------------+-----------------------------+


+-------------------------------+
; Elapsed Time Per Partition    ;
+----------------+--------------+
; Partition Name ; Elapsed Time ;
+----------------+--------------+
; Top            ; 00:00:00     ;
+----------------+--------------+


+-------------------------------+
; Analysis & Synthesis Messages ;
+-------------------------------+
Info: *******************************************************************
Info: Running Quartus Prime Analysis & Synthesis
    Info: Version 22.1std.0 Build 915 10/25/2022 SC Lite Edition
    Info: Processing started: Thu Dec  1 22:55:53 2022
Info: Command: quartus_map --read_settings_files=on --write_settings_files=off projeto_sd -c projeto_sd
Warning (18236): Number of processors has not been specified which may cause overloading on shared machines.  Set the global assignment NUM_PARALLEL_PROCESSORS in your QSF to an appropriate value for best performance.
Info (20030): Parallel compilation is enabled and will use 2 of the 2 processors detected
Info (12021): Found 1 design units, including 1 entities, in source file soma_compara.v
    Info (12023): Found entity 1: soma_compara File: C:/Users/Enzo/Documents/GitHub/Alarme-digital/projeto_sd/soma_compara.v Line: 1
Info (12021): Found 1 design units, including 1 entities, in source file somador_bcd.v
    Info (12023): Found entity 1: somador_bcd File: C:/Users/Enzo/Documents/GitHub/Alarme-digital/projeto_sd/somador_bcd.v Line: 1
Info (12021): Found 1 design units, including 1 entities, in source file comparador.v
    Info (12023): Found entity 1: comparador File: C:/Users/Enzo/Documents/GitHub/Alarme-digital/projeto_sd/comparador.v Line: 1
Info (12021): Found 1 design units, including 1 entities, in source file sete_segmentos.v
    Info (12023): Found entity 1: sete_segmentos File: C:/Users/Enzo/Documents/GitHub/Alarme-digital/projeto_sd/sete_segmentos.v Line: 1
Info (12021): Found 1 design units, including 1 entities, in source file tb_somador_bcd.v
    Info (12023): Found entity 1: tb_somador_bcd File: C:/Users/Enzo/Documents/GitHub/Alarme-digital/projeto_sd/tb_somador_bcd.v Line: 1
Info (12021): Found 1 design units, including 1 entities, in source file teclado_conta.v
    Info (12023): Found entity 1: teclado_conta File: C:/Users/Enzo/Documents/GitHub/Alarme-digital/projeto_sd/teclado_conta.v Line: 1
Info (12021): Found 1 design units, including 1 entities, in source file tb_comparador.v
    Info (12023): Found entity 1: tb_comparador File: C:/Users/Enzo/Documents/GitHub/Alarme-digital/projeto_sd/tb_comparador.v Line: 1
Warning (12019): Can't analyze file -- file ../../../../../AMD/teclado_relogio.v is missing
Warning (12019): Can't analyze file -- file ../../../../../AMD/DFlipFlop.v is missing
Warning (12019): Can't analyze file -- file ../../../../../AMD/counter_mod10.v is missing
Warning (12019): Can't analyze file -- file ../../../../../AMD/DFlipFlop_4bits.v is missing
Warning (12019): Can't analyze file -- file ../../../../../AMD/clock_gen.v is missing
Warning (12019): Can't analyze file -- file ../../../../../AMD/Relogio.v is missing
Info (12021): Found 1 design units, including 1 entities, in source file tb_sete_segmentos.v
    Info (12023): Found entity 1: tb_sete_segmentos File: C:/Users/Enzo/Documents/GitHub/Alarme-digital/projeto_sd/tb_sete_segmentos.v Line: 1
Info (12021): Found 1 design units, including 1 entities, in source file tb_teclado_conta.v
    Info (12023): Found entity 1: tb_teclado_conta File: C:/Users/Enzo/Documents/GitHub/Alarme-digital/projeto_sd/tb_teclado_conta.v Line: 1
Info (12021): Found 1 design units, including 1 entities, in source file tb_dflipflop_4bits.v
    Info (12023): Found entity 1: tb_DFlipFlop_4bits File: C:/Users/Enzo/Documents/GitHub/Alarme-digital/projeto_sd/tb_DFlipFlop_4bits.v Line: 1
Info (12021): Found 1 design units, including 1 entities, in source file tb_dflipflop.v
    Info (12023): Found entity 1: tb_DFlipFlop File: C:/Users/Enzo/Documents/GitHub/Alarme-digital/projeto_sd/tb_DFlipFlop.v Line: 1
Info (12021): Found 1 design units, including 1 entities, in source file randomnumber1.v
    Info (12023): Found entity 1: randomNumber1 File: C:/Users/Enzo/Documents/GitHub/Alarme-digital/projeto_sd/randomNumber1.v Line: 1
Info (12021): Found 1 design units, including 1 entities, in source file tb_randomnumber1.v
    Info (12023): Found entity 1: tb_randomNumber1 File: C:/Users/Enzo/Documents/GitHub/Alarme-digital/projeto_sd/tb_randomNumber1.v Line: 1
Critical Warning (10846): Verilog HDL Instantiation warning at soma_compara.v(20): instance has no name File: C:/Users/Enzo/Documents/GitHub/Alarme-digital/projeto_sd/soma_compara.v Line: 20
Critical Warning (10846): Verilog HDL Instantiation warning at soma_compara.v(21): instance has no name File: C:/Users/Enzo/Documents/GitHub/Alarme-digital/projeto_sd/soma_compara.v Line: 21
Critical Warning (10846): Verilog HDL Instantiation warning at soma_compara.v(24): instance has no name File: C:/Users/Enzo/Documents/GitHub/Alarme-digital/projeto_sd/soma_compara.v Line: 24
Critical Warning (10846): Verilog HDL Instantiation warning at soma_compara.v(28): instance has no name File: C:/Users/Enzo/Documents/GitHub/Alarme-digital/projeto_sd/soma_compara.v Line: 28
Info (12127): Elaborating entity "soma_compara" for the top level hierarchy
Info (12128): Elaborating entity "sete_segmentos" for hierarchy "sete_segmentos:a0" File: C:/Users/Enzo/Documents/GitHub/Alarme-digital/projeto_sd/soma_compara.v Line: 11
Info (12128): Elaborating entity "somador_bcd" for hierarchy "somador_bcd:comb_3" File: C:/Users/Enzo/Documents/GitHub/Alarme-digital/projeto_sd/soma_compara.v Line: 20
Warning (10230): Verilog HDL assignment warning at somador_bcd.v(17): truncated value with size 32 to match size of target (5) File: C:/Users/Enzo/Documents/GitHub/Alarme-digital/projeto_sd/somador_bcd.v Line: 17
Info (12128): Elaborating entity "teclado_conta" for hierarchy "teclado_conta:comb_5" File: C:/Users/Enzo/Documents/GitHub/Alarme-digital/projeto_sd/soma_compara.v Line: 24
Warning (10230): Verilog HDL assignment warning at teclado_conta.v(23): truncated value with size 32 to match size of target (2) File: C:/Users/Enzo/Documents/GitHub/Alarme-digital/projeto_sd/teclado_conta.v Line: 23
Info (12128): Elaborating entity "comparador" for hierarchy "comparador:comb_6" File: C:/Users/Enzo/Documents/GitHub/Alarme-digital/projeto_sd/soma_compara.v Line: 28
Warning (12011): Net is missing source, defaulting to GND
    Warning (12110): Net "num_somado[11]" is missing source, defaulting to GND File: C:/Users/Enzo/Documents/GitHub/Alarme-digital/projeto_sd/soma_compara.v Line: 16
    Warning (12110): Net "num_somado[10]" is missing source, defaulting to GND File: C:/Users/Enzo/Documents/GitHub/Alarme-digital/projeto_sd/soma_compara.v Line: 16
    Warning (12110): Net "num_somado[9]" is missing source, defaulting to GND File: C:/Users/Enzo/Documents/GitHub/Alarme-digital/projeto_sd/soma_compara.v Line: 16
Warning (12011): Net is missing source, defaulting to GND
    Warning (12110): Net "num_somado[11]" is missing source, defaulting to GND File: C:/Users/Enzo/Documents/GitHub/Alarme-digital/projeto_sd/soma_compara.v Line: 16
    Warning (12110): Net "num_somado[10]" is missing source, defaulting to GND File: C:/Users/Enzo/Documents/GitHub/Alarme-digital/projeto_sd/soma_compara.v Line: 16
    Warning (12110): Net "num_somado[9]" is missing source, defaulting to GND File: C:/Users/Enzo/Documents/GitHub/Alarme-digital/projeto_sd/soma_compara.v Line: 16
Warning (12011): Net is missing source, defaulting to GND
    Warning (12110): Net "num_somado[11]" is missing source, defaulting to GND File: C:/Users/Enzo/Documents/GitHub/Alarme-digital/projeto_sd/soma_compara.v Line: 16
    Warning (12110): Net "num_somado[10]" is missing source, defaulting to GND File: C:/Users/Enzo/Documents/GitHub/Alarme-digital/projeto_sd/soma_compara.v Line: 16
    Warning (12110): Net "num_somado[9]" is missing source, defaulting to GND File: C:/Users/Enzo/Documents/GitHub/Alarme-digital/projeto_sd/soma_compara.v Line: 16
Warning (12011): Net is missing source, defaulting to GND
    Warning (12110): Net "num_somado[11]" is missing source, defaulting to GND File: C:/Users/Enzo/Documents/GitHub/Alarme-digital/projeto_sd/soma_compara.v Line: 16
    Warning (12110): Net "num_somado[10]" is missing source, defaulting to GND File: C:/Users/Enzo/Documents/GitHub/Alarme-digital/projeto_sd/soma_compara.v Line: 16
    Warning (12110): Net "num_somado[9]" is missing source, defaulting to GND File: C:/Users/Enzo/Documents/GitHub/Alarme-digital/projeto_sd/soma_compara.v Line: 16
Warning (12011): Net is missing source, defaulting to GND
    Warning (12110): Net "num_somado[11]" is missing source, defaulting to GND File: C:/Users/Enzo/Documents/GitHub/Alarme-digital/projeto_sd/soma_compara.v Line: 16
    Warning (12110): Net "num_somado[10]" is missing source, defaulting to GND File: C:/Users/Enzo/Documents/GitHub/Alarme-digital/projeto_sd/soma_compara.v Line: 16
    Warning (12110): Net "num_somado[9]" is missing source, defaulting to GND File: C:/Users/Enzo/Documents/GitHub/Alarme-digital/projeto_sd/soma_compara.v Line: 16
Warning (12011): Net is missing source, defaulting to GND
    Warning (12110): Net "num_somado[11]" is missing source, defaulting to GND File: C:/Users/Enzo/Documents/GitHub/Alarme-digital/projeto_sd/soma_compara.v Line: 16
    Warning (12110): Net "num_somado[10]" is missing source, defaulting to GND File: C:/Users/Enzo/Documents/GitHub/Alarme-digital/projeto_sd/soma_compara.v Line: 16
    Warning (12110): Net "num_somado[9]" is missing source, defaulting to GND File: C:/Users/Enzo/Documents/GitHub/Alarme-digital/projeto_sd/soma_compara.v Line: 16
Warning (12241): 2 hierarchies have connectivity warnings - see the Connectivity Checks report folder
Info (286030): Timing-Driven Synthesis is running
Info (144001): Generated suppressed messages file C:/Users/Enzo/Documents/GitHub/Alarme-digital/projeto_sd/output_files/projeto_sd.map.smsg
Info (16010): Generating hard_block partition "hard_block:auto_generated_inst"
    Info (16011): Adding 0 node(s), including 0 DDIO, 0 PLL, 0 transceiver and 0 LCELL
Info (21057): Implemented 142 device resources after synthesis - the final resource count might be different
    Info (21058): Implemented 25 input pins
    Info (21059): Implemented 29 output pins
    Info (21061): Implemented 88 logic cells
Info: Quartus Prime Analysis & Synthesis was successful. 0 errors, 38 warnings
    Info: Peak virtual memory: 4816 megabytes
    Info: Processing ended: Thu Dec  1 22:56:12 2022
    Info: Elapsed time: 00:00:19
    Info: Total CPU time (on all processors): 00:00:32


+------------------------------------------+
; Analysis & Synthesis Suppressed Messages ;
+------------------------------------------+
The suppressed messages can be found in C:/Users/Enzo/Documents/GitHub/Alarme-digital/projeto_sd/output_files/projeto_sd.map.smsg.


